../Core/Src/oled.c:16:6:OLED_Refresh	16	static
../Core/Src/oled.c:29:6:OLED_Init	16	static
../Core/Src/oled.c:47:6:OLED_WR_CMD	32	static
../Core/Src/oled.c:58:6:OLED_WR_DATA	32	static
../Core/Src/oled.c:69:6:OLED_On	16	static
../Core/Src/oled.c:88:6:OLED_Clear	16	static
../Core/Src/oled.c:106:6:OLED_Display_On	8	static
../Core/Src/oled.c:119:6:OLED_Display_Off	8	static
../Core/Src/oled.c:132:6:OLED_Set_Pos	16	static
../Core/Src/oled.c:146:14:oled_pow	24	static
../Core/Src/oled.c:163:6:OLED_ShowChar	32	static
../Core/Src/oled.c:211:6:OLED_ShowString	40	static
../Core/Src/oled.c:246:6:OLED_ShowNum	40	static
../Core/Src/oled.c:279:6:OLED_Showdecimal	48	static
../Core/Src/oled.c:335:6:OLED_ShowCHinese	32	static
../Core/Src/oled.c:369:6:OLED_DrawBMP	32	static
../Core/Src/oled.c:399:6:OLED_HorizontalShift	16	static
../Core/Src/oled.c:422:6:OLED_Some_HorizontalShift	16	static
../Core/Src/oled.c:443:6:OLED_VerticalAndHorizontalShift	16	static
../Core/Src/oled.c:464:6:OLED_DisplayMode	16	static
../Core/Src/oled.c:475:6:OLED_IntensityControl	16	static
